[INFO] [launch]: All log files can be found below /home/imos/.ros/log/2026-09-29-11-21-37-620612-MSI-39
[INFO] [launch]: Default logging verbosity is set to INFO
[INFO] [detector_node-1]: process started with pid [53]
[detector_node-1] [INFO] [1790680897.937477537] [metro_obstacle_detector]: subscribed to /lidar_points (reliable, depth 1); axes forward=-y up=+z; config=/workspace/install/share/metro_obstacle_detector/config/detector.yaml; log=/results/stream.jsonl
[detector_node-1] [WARN] [1790680899.422286114] [metro_obstacle_detector]: no input: no cloud received on /lidar_points since start (1.5 s): publishing UNKNOWN
[detector_node-1] [INFO] [1790680907.911049147] [metro_obstacle_detector]: frames=50 status=clear dist=None proc ms median=21.1 p95=22.8 max=40.8
[detector_node-1] [INFO] [1790680912.927603473] [metro_obstacle_detector]: frames=100 status=clear dist=None proc ms median=21.6 p95=38.9 max=40.8
[detector_node-1] [INFO] [1790680918.532362558] [metro_obstacle_detector]: frames=150 status=clear dist=None proc ms median=37.4 p95=44.9 max=47.2
[detector_node-1] [INFO] [1790680923.525096310] [metro_obstacle_detector]: frames=200 status=clear dist=None proc ms median=38.9 p95=45.2 max=47.2
[detector_node-1] [INFO] [1790680928.516782447] [metro_obstacle_detector]: frames=250 status=clear dist=None proc ms median=38.8 p95=44.9 max=47.2
[detector_node-1] [INFO] [1790680933.499499384] [metro_obstacle_detector]: frames=300 status=clear dist=None proc ms median=37.3 p95=44.8 max=47.2
[detector_node-1] [INFO] [1790680938.515590643] [metro_obstacle_detector]: frames=350 status=clear dist=None proc ms median=35.2 p95=44.6 max=47.2
[detector_node-1] [INFO] [1790680943.502654972] [metro_obstacle_detector]: frames=400 status=clear dist=None proc ms median=21.9 p95=44.3 max=47.2
[detector_node-1] [INFO] [1790680948.529979410] [metro_obstacle_detector]: frames=450 status=clear dist=None proc ms median=21.1 p95=44.1 max=47.2
[detector_node-1] [INFO] [1790680953.520784120] [metro_obstacle_detector]: frames=500 status=clear dist=None proc ms median=20.9 p95=44.0 max=47.2
[detector_node-1] [INFO] [1790680958.512084684] [metro_obstacle_detector]: frames=550 status=clear dist=None proc ms median=20.6 p95=44.0 max=47.2
[detector_node-1] [INFO] [1790680963.501079546] [metro_obstacle_detector]: frames=600 status=clear dist=None proc ms median=20.4 p95=43.9 max=47.2
[detector_node-1] [INFO] [1790680968.519929713] [metro_obstacle_detector]: frames=650 status=clear dist=None proc ms median=20.0 p95=43.8 max=47.2
[detector_node-1] [INFO] [1790680973.545693446] [metro_obstacle_detector]: frames=700 status=clear dist=None proc ms median=19.9 p95=43.7 max=47.2
[detector_node-1] [INFO] [1790680978.522219856] [metro_obstacle_detector]: frames=750 status=clear dist=None proc ms median=20.3 p95=43.6 max=47.2
[detector_node-1] [INFO] [1790680983.751032979] [metro_obstacle_detector]: frames=800 status=clear dist=None proc ms median=20.5 p95=43.7 max=166.8
[detector_node-1] [INFO] [1790680988.735475253] [metro_obstacle_detector]: frames=850 status=clear dist=None proc ms median=20.8 p95=43.6 max=166.8
[detector_node-1] [WARN] [1790680992.922361647] [metro_obstacle_detector]: input stale: no cloud for > 1.5 s: publishing UNKNOWN
[WARNING] [launch]: user interrupted with ctrl-c (SIGINT)
[INFO] [detector_node-1]: sending signal 'SIGINT' to process[detector_node-1]
[INFO] [detector_node-1]: process has finished cleanly [pid 53]
