[INFO] [1790634803.118163113] [rosbag2_storage]: Opened database '/data/doubleT_platform/doubleT_platform_0.db3' for READ_ONLY.
{
 "bag": "doubleT_platform",
 "frames_processed": 173,
 "status_counts": {
  "clear": 173,
  "detected": 0,
  "unknown": 0
 },
 "status_counts_raw": {
  "clear": 169,
  "detected": 4,
  "unknown": 0
 },
 "processing_ms": {
  "median": 38.74,
  "p95": 67.26,
  "p99": 72.18,
  "max": 73.49,
  "mean": 44.38
 },
 "read_ms_median": 8.53,
 "wall_s": 10.94,
 "frames_per_s_including_io": 15.82
}
