[INFO] [1790634803.117995011] [rosbag2_storage]: Opened database '/data/doubleT_obstacle/doubleT_obstacle_0.db3' for READ_ONLY.
{
 "bag": "doubleT_obstacle",
 "frames_processed": 101,
 "status_counts": {
  "clear": 75,
  "detected": 26,
  "unknown": 0
 },
 "status_counts_raw": {
  "clear": 74,
  "detected": 27,
  "unknown": 0
 },
 "processing_ms": {
  "median": 71.85,
  "p95": 86.24,
  "p99": 87.86,
  "max": 88.07,
  "mean": 71.94
 },
 "read_ms_median": 31.8,
 "wall_s": 14.13,
 "frames_per_s_including_io": 7.15
}
