[INFO] [1790690023.218678166] [rosbag2_storage]: Opened database '/data/roundT_doubleT/roundT_doubleT_0.db3' for READ_ONLY.
{
 "bag": "roundT_doubleT",
 "messages_in_metadata": 252,
 "messages_read": 252,
 "stride": 1,
 "frames_expected": 252,
 "frames_processed": 252,
 "complete": true,
 "status_counts": {
  "clear": 252,
  "detected": 0,
  "unknown": 0
 },
 "status_counts_raw": {
  "clear": 252,
  "detected": 0,
  "unknown": 0
 },
 "processing_ms": {
  "median": 37.16,
  "p95": 61.69,
  "p99": 66.34,
  "max": 69.59,
  "mean": 42.36
 },
 "read_ms_median": 8.98,
 "wall_s": 12.98,
 "frames_per_s_including_io": 19.41
}
