[INFO] [1790690037.264968649] [rosbag2_storage]: Opened database '/data/roundT_pressureGate_roundT/roundT_pressureGate_roundT_0.db3' for READ_ONLY.
{
 "bag": "roundT_pressureGate_roundT",
 "messages_in_metadata": 268,
 "messages_read": 268,
 "stride": 1,
 "frames_expected": 268,
 "frames_processed": 268,
 "complete": true,
 "status_counts": {
  "clear": 268,
  "detected": 0,
  "unknown": 0
 },
 "status_counts_raw": {
  "clear": 268,
  "detected": 0,
  "unknown": 0
 },
 "processing_ms": {
  "median": 32.58,
  "p95": 50.97,
  "p99": 59.66,
  "max": 64.11,
  "mean": 33.68
 },
 "read_ms_median": 8.51,
 "wall_s": 11.42,
 "frames_per_s_including_io": 23.47
}
