[INFO] [1790690041.253914264] [rosbag2_storage]: Opened database '/data/squareT_platform_squareT_switch/squareT_platform_squareT_switch_0.db3' for READ_ONLY.
{
 "bag": "squareT_platform_squareT_switch",
 "messages_in_metadata": 877,
 "messages_read": 877,
 "stride": 1,
 "frames_expected": 877,
 "frames_processed": 877,
 "complete": true,
 "status_counts": {
  "clear": 875,
  "detected": 2,
  "unknown": 0
 },
 "status_counts_raw": {
  "clear": 873,
  "detected": 4,
  "unknown": 0
 },
 "processing_ms": {
  "median": 27.93,
  "p95": 57.63,
  "p99": 65.5,
  "max": 184.46,
  "mean": 34.42
 },
 "read_ms_median": 9.14,
 "wall_s": 37.72,
 "frames_per_s_including_io": 23.25
}
