[INFO] [1790634938.441454525] [rosbag2_storage]: Opened database '/data/doubleT_platform/doubleT_platform_0.db3' for READ_ONLY.
{
 "bag": "doubleT_platform",
 "frames_processed": 173,
 "status_counts": {
  "clear": 149,
  "detected": 24,
  "unknown": 0
 },
 "status_counts_raw": {
  "clear": 129,
  "detected": 44,
  "unknown": 0
 },
 "processing_ms": {
  "median": 65.1,
  "p95": 84.61,
  "p99": 94.1,
  "max": 97.0,
  "mean": 67.3
 },
 "read_ms_median": 10.67,
 "wall_s": 16.28,
 "frames_per_s_including_io": 10.63
}
