[INFO] [1790680556.977027183] [rosbag2_storage]: Opened database '/data/doubleT_obstacle/doubleT_obstacle_0.db3' for READ_ONLY.
{
 "bag": "doubleT_obstacle",
 "messages_in_metadata": 201,
 "messages_read": 201,
 "stride": 1,
 "frames_expected": 201,
 "frames_processed": 201,
 "complete": true,
 "status_counts": {
  "clear": 149,
  "detected": 52,
  "unknown": 0
 },
 "status_counts_raw": {
  "clear": 147,
  "detected": 54,
  "unknown": 0
 },
 "processing_ms": {
  "median": 66.21,
  "p95": 73.84,
  "p99": 80.76,
  "max": 82.45,
  "mean": 63.32
 },
 "read_ms_median": 28.61,
 "wall_s": 19.42,
 "frames_per_s_including_io": 10.35
}
