[INFO] [1790635005.853501278] [rosbag2_storage]: Opened database '/data/roundT_squareT_pressureGate_squareT/roundT_squareT_pressureGate_squareT_0.db3' for READ_ONLY.
{
 "bag": "roundT_squareT_pressureGate_squareT",
 "frames_processed": 273,
 "status_counts": {
  "clear": 268,
  "detected": 5,
  "unknown": 0
 },
 "status_counts_raw": {
  "clear": 259,
  "detected": 14,
  "unknown": 0
 },
 "processing_ms": {
  "median": 89.35,
  "p95": 110.44,
  "p99": 118.48,
  "max": 124.72,
  "mean": 87.54
 },
 "read_ms_median": 11.39,
 "wall_s": 31.23,
 "frames_per_s_including_io": 8.74
}
