listening on /obstacles/status ...
t+   0.4s frame     0 | UNKNOWN  | distance    --    | proc   0.0 ms | no input: no cloud received on /sensing/lidar/hesai128/pointcloud since start (6.5 s)
t+   0.6s frame     1 | CLEAR    | distance    --    | proc  79.3 ms
t+   0.7s frame     2 | CLEAR    | distance    --    | proc  63.4 ms
t+   0.8s frame     3 | CLEAR    | distance    --    | proc  75.7 ms
t+   0.9s frame     4 | CLEAR    | distance    --    | proc  68.7 ms
t+   1.0s frame     5 | CLEAR    | distance    --    | proc  64.6 ms
t+   1.1s frame     6 | CLEAR    | distance    --    | proc  65.3 ms
t+   1.2s frame     7 | CLEAR    | distance    --    | proc  80.2 ms
t+   1.3s frame     8 | CLEAR    | distance    --    | proc  63.7 ms | nearest object: 55.7 m, 0.9x1.1 m, 25 pts, conf 1.00 (unconfirmed)
t+   1.4s frame     9 | OBSTACLE | distance   55.7 m | proc  67.9 ms | nearest object: 55.7 m, 0.6x1.0 m, 23 pts, conf 1.00
t+   1.5s frame    10 | OBSTACLE | distance   55.7 m | proc  78.5 ms | nearest object: 55.7 m, 0.7x1.1 m, 28 pts, conf 1.00
t+   1.6s frame    11 | OBSTACLE | distance   55.7 m | proc  59.7 ms | nearest object: 55.7 m, 0.6x1.1 m, 28 pts, conf 1.00
t+   1.7s frame    12 | OBSTACLE | distance   55.7 m | proc  64.8 ms | nearest object: 55.7 m, 0.6x1.1 m, 27 pts, conf 1.00
t+   1.8s frame    13 | OBSTACLE | distance   55.7 m | proc  79.3 ms | nearest object: 55.7 m, 0.7x1.1 m, 26 pts, conf 1.00
t+   1.9s frame    14 | OBSTACLE | distance   55.7 m | proc  58.9 ms | nearest object: 55.7 m, 0.6x1.1 m, 27 pts, conf 1.00
t+   2.0s frame    15 | OBSTACLE | distance   55.7 m | proc  85.1 ms | nearest object: 55.7 m, 0.7x1.1 m, 28 pts, conf 1.00
t+   2.1s frame    16 | OBSTACLE | distance   55.7 m | proc  78.5 ms | nearest object: 55.7 m, 0.7x1.1 m, 27 pts, conf 1.00
t+   2.2s frame    17 | OBSTACLE | distance   55.8 m | proc  81.0 ms | nearest object: 55.8 m, 0.7x1.1 m, 24 pts, conf 1.00
t+   2.3s frame    18 | OBSTACLE | distance   55.8 m | proc  89.3 ms | nearest object: 55.8 m, 0.7x1.1 m, 23 pts, conf 1.00
t+   2.4s frame    19 | OBSTACLE | distance   55.9 m | proc  84.0 ms | nearest object: 55.9 m, 0.6x1.1 m, 23 pts, conf 1.00
t+   2.5s frame    20 | OBSTACLE | distance   55.9 m | proc  65.4 ms | nearest object: 55.9 m, 0.8x1.1 m, 26 pts, conf 1.00
t+   2.6s frame    21 | OBSTACLE | distance   55.9 m | proc  70.4 ms | nearest object: 55.9 m, 0.7x1.3 m, 29 pts, conf 1.00
t+   2.7s frame    22 | OBSTACLE | distance   55.9 m | proc  76.1 ms | nearest object: 55.9 m, 0.8x1.1 m, 29 pts, conf 1.00
t+   2.8s frame    23 | OBSTACLE | distance   55.9 m | proc  78.3 ms | nearest object: 55.9 m, 0.8x0.8 m, 22 pts, conf 1.00
t+   2.9s frame    24 | OBSTACLE | distance   55.9 m | proc  71.0 ms | nearest object: 55.9 m, 0.9x0.9 m, 27 pts, conf 1.00
t+   3.0s frame    25 | OBSTACLE | distance   55.9 m | proc  87.6 ms | nearest object: 55.9 m, 0.9x0.9 m, 25 pts, conf 1.00
t+   3.1s frame    26 | OBSTACLE | distance   55.8 m | proc  78.7 ms | nearest object: 55.8 m, 0.9x0.7 m, 23 pts, conf 1.00
t+   3.2s frame    27 | OBSTACLE | distance   55.8 m | proc  79.8 ms | nearest object: 55.8 m, 0.8x0.5 m, 18 pts, conf 1.00
t+   3.3s frame    28 | OBSTACLE | distance   55.8 m | proc  80.1 ms | nearest object: 55.8 m, 0.9x0.7 m, 29 pts, conf 1.00
t+   3.4s frame    29 | OBSTACLE | distance   55.8 m | proc  84.1 ms | nearest object: 55.8 m, 0.8x0.4 m, 16 pts, conf 1.00
t+   3.5s frame    30 | OBSTACLE | distance   55.9 m | proc  69.2 ms | nearest object: 55.9 m, 0.8x0.5 m, 22 pts, conf 1.00
t+   3.6s frame    31 | OBSTACLE | distance   55.8 m | proc  74.4 ms | nearest object: 55.8 m, 0.8x0.6 m, 22 pts, conf 1.00
t+   3.7s frame    32 | OBSTACLE | distance   55.9 m | proc  78.8 ms | nearest object: 55.9 m, 0.8x0.6 m, 21 pts, conf 1.00
t+   3.8s frame    33 | OBSTACLE | distance   55.9 m | proc  72.0 ms | nearest object: 55.9 m, 1.0x0.8 m, 24 pts, conf 1.00
t+   3.9s frame    34 | OBSTACLE | distance   55.8 m | proc  72.9 ms | nearest object: 55.8 m, 0.9x0.5 m, 21 pts, conf 1.00
t+   4.0s frame    35 | OBSTACLE | distance   55.8 m | proc  81.8 ms | nearest object: 55.8 m, 0.8x0.6 m, 22 pts, conf 1.00
t+   4.1s frame    36 | OBSTACLE | distance   55.9 m | proc  77.7 ms | nearest object: 55.9 m, 0.9x0.6 m, 22 pts, conf 1.00
t+   4.2s frame    37 | OBSTACLE | distance   55.8 m | proc  81.4 ms | nearest object: 55.8 m, 0.8x0.5 m, 17 pts, conf 1.00
t+   4.3s frame    38 | OBSTACLE | distance   55.9 m | proc  67.0 ms | nearest object: 55.9 m, 1.0x0.9 m, 25 pts, conf 1.00
t+   4.4s frame    39 | OBSTACLE | distance   55.8 m | proc  70.4 ms | nearest object: 55.8 m, 0.8x0.5 m, 16 pts, conf 1.00
t+   4.5s frame    40 | OBSTACLE | distance   55.9 m | proc  82.7 ms | nearest object: 55.9 m, 0.9x0.7 m, 22 pts, conf 1.00
t+   4.6s frame    41 | OBSTACLE | distance   55.8 m | proc  78.3 ms | nearest object: 55.8 m, 1.0x0.9 m, 22 pts, conf 1.00
t+   4.7s frame    42 | OBSTACLE | distance   55.9 m | proc  62.3 ms | nearest object: 55.9 m, 0.6x0.9 m, 20 pts, conf 1.00
t+   4.8s frame    43 | OBSTACLE | distance   55.9 m | proc  67.7 ms | nearest object: 55.9 m, 0.7x0.9 m, 25 pts, conf 1.00
t+   4.9s frame    44 | OBSTACLE | distance   55.9 m | proc  67.3 ms | nearest object: 55.9 m, 0.7x1.2 m, 30 pts, conf 1.00
t+   5.0s frame    45 | OBSTACLE | distance   56.0 m | proc  77.9 ms | nearest object: 56.0 m, 0.8x1.0 m, 26 pts, conf 1.00
t+   5.1s frame    46 | OBSTACLE | distance   56.0 m | proc  67.6 ms | nearest object: 56.0 m, 0.8x1.2 m, 29 pts, conf 1.00
t+   5.2s frame    47 | OBSTACLE | distance   56.0 m | proc  63.2 ms | nearest object: 56.0 m, 0.7x1.2 m, 31 pts, conf 1.00
t+   5.3s frame    48 | OBSTACLE | distance   56.1 m | proc  66.5 ms | nearest object: 56.1 m, 0.6x1.1 m, 29 pts, conf 1.00
t+   5.4s frame    49 | OBSTACLE | distance   56.1 m | proc  92.8 ms | nearest object: 56.1 m, 0.6x1.3 m, 28 pts, conf 1.00
t+   5.5s frame    50 | OBSTACLE | distance   56.1 m | proc  69.2 ms | nearest object: 56.1 m, 0.6x1.1 m, 27 pts, conf 1.00
t+   5.6s frame    51 | OBSTACLE | distance   56.2 m | proc  79.2 ms | nearest object: 56.2 m, 0.6x1.1 m, 26 pts, conf 1.00
t+   5.7s frame    52 | OBSTACLE | distance   56.2 m | proc  82.6 ms | nearest object: 56.2 m, 0.7x1.4 m, 25 pts, conf 1.00
t+   5.8s frame    53 | OBSTACLE | distance   56.3 m | proc  76.1 ms | nearest object: 56.3 m, 0.8x1.1 m, 26 pts, conf 1.00
t+   5.9s frame    54 | OBSTACLE | distance   56.3 m | proc  74.1 ms | nearest object: 56.3 m, 0.9x1.3 m, 28 pts, conf 1.00
t+   6.0s frame    55 | OBSTACLE | distance   56.3 m | proc  85.5 ms | nearest object: 56.3 m, 0.6x1.0 m, 19 pts, conf 1.00
t+   6.1s frame    56 | OBSTACLE | distance   56.3 m | proc  82.5 ms | nearest object: 56.3 m, 0.6x1.3 m, 20 pts, conf 1.00
t+   6.2s frame    57 | OBSTACLE | distance   56.3 m | proc  72.2 ms | nearest object: 56.3 m, 0.6x1.0 m, 22 pts, conf 1.00
t+   6.3s frame    58 | OBSTACLE | distance   56.3 m | proc  65.6 ms | nearest object: 56.3 m, 0.6x1.1 m, 21 pts, conf 1.00
t+   6.4s frame    59 | OBSTACLE | distance   56.4 m | proc  67.8 ms | nearest object: 56.4 m, 0.7x1.1 m, 22 pts, conf 1.00
t+   6.5s frame    60 | OBSTACLE | distance   56.4 m | proc  79.7 ms | nearest object: 56.4 m, 0.7x1.1 m, 19 pts, conf 1.00
t+   6.6s frame    61 | CLEAR    | distance    --    | proc  78.7 ms
t+   6.7s frame    62 | CLEAR    | distance    --    | proc  62.1 ms
t+   6.8s frame    63 | CLEAR    | distance    --    | proc  62.9 ms
t+   6.9s frame    64 | CLEAR    | distance    --    | proc  64.3 ms
t+   7.0s frame    65 | CLEAR    | distance    --    | proc  79.7 ms
t+   7.1s frame    66 | CLEAR    | distance    --    | proc  78.1 ms
t+   7.2s frame    67 | CLEAR    | distance    --    | proc  64.8 ms
t+   7.3s frame    68 | CLEAR    | distance    --    | proc  81.1 ms
t+   7.3s frame    69 | CLEAR    | distance    --    | proc  47.1 ms
t+   7.5s frame    70 | CLEAR    | distance    --    | proc  48.1 ms
t+   7.6s frame    71 | CLEAR    | distance    --    | proc  48.5 ms
t+   7.7s frame    72 | CLEAR    | distance    --    | proc  56.6 ms
t+   7.8s frame    73 | CLEAR    | distance    --    | proc  55.6 ms
t+   7.8s frame    74 | CLEAR    | distance    --    | proc  48.6 ms
t+   8.0s frame    75 | CLEAR    | distance    --    | proc  48.2 ms
t+   8.1s frame    76 | CLEAR    | distance    --    | proc  69.6 ms
t+   8.2s frame    77 | CLEAR    | distance    --    | proc  79.4 ms
t+   8.3s frame    78 | CLEAR    | distance    --    | proc  74.2 ms
t+   8.4s frame    79 | CLEAR    | distance    --    | proc  52.4 ms
t+   8.5s frame    80 | CLEAR    | distance    --    | proc  58.7 ms
t+   8.6s frame    81 | CLEAR    | distance    --    | proc  71.0 ms
t+   8.7s frame    82 | CLEAR    | distance    --    | proc  55.2 ms
t+   8.8s frame    83 | CLEAR    | distance    --    | proc  52.6 ms
t+   8.9s frame    84 | CLEAR    | distance    --    | proc  60.9 ms
t+   9.0s frame    85 | CLEAR    | distance    --    | proc  59.3 ms
t+   9.1s frame    86 | CLEAR    | distance    --    | proc  45.0 ms
t+   9.2s frame    87 | CLEAR    | distance    --    | proc  61.0 ms
t+   9.3s frame    88 | CLEAR    | distance    --    | proc  83.6 ms
t+   9.3s frame    89 | CLEAR    | distance    --    | proc  47.8 ms
t+   9.5s frame    90 | CLEAR    | distance    --    | proc  79.8 ms
t+   9.6s frame    91 | CLEAR    | distance    --    | proc  67.5 ms
t+   9.7s frame    92 | CLEAR    | distance    --    | proc  50.2 ms
t+   9.8s frame    93 | CLEAR    | distance    --    | proc  50.2 ms
t+   9.9s frame    94 | CLEAR    | distance    --    | proc  45.0 ms
t+  10.0s frame    95 | CLEAR    | distance    --    | proc  53.8 ms
t+  10.1s frame    96 | CLEAR    | distance    --    | proc  49.8 ms
t+  10.2s frame    97 | CLEAR    | distance    --    | proc  64.7 ms
t+  10.3s frame    98 | CLEAR    | distance    --    | proc  53.1 ms
t+  10.4s frame    99 | CLEAR    | distance    --    | proc  51.4 ms
t+  10.5s frame   100 | CLEAR    | distance    --    | proc  47.7 ms
t+  10.6s frame   101 | CLEAR    | distance    --    | proc  64.9 ms
t+  10.7s frame   102 | CLEAR    | distance    --    | proc  63.0 ms
t+  10.7s frame   103 | CLEAR    | distance    --    | proc  49.8 ms
t+  10.9s frame   104 | CLEAR    | distance    --    | proc  43.6 ms
t+  11.0s frame   105 | CLEAR    | distance    --    | proc  56.4 ms
t+  11.1s frame   106 | CLEAR    | distance    --    | proc  62.1 ms
t+  11.2s frame   107 | CLEAR    | distance    --    | proc  52.5 ms
t+  11.2s frame   108 | CLEAR    | distance    --    | proc  50.6 ms
t+  11.4s frame   109 | CLEAR    | distance    --    | proc  52.1 ms
t+  11.5s frame   110 | CLEAR    | distance    --    | proc  65.4 ms
t+  11.5s frame   111 | CLEAR    | distance    --    | proc  44.1 ms
t+  11.7s frame   112 | CLEAR    | distance    --    | proc  64.0 ms
t+  11.8s frame   113 | CLEAR    | distance    --    | proc  63.3 ms
t+  11.8s frame   114 | CLEAR    | distance    --    | proc  50.4 ms
t+  11.9s frame   115 | CLEAR    | distance    --    | proc  48.8 ms
t+  12.1s frame   116 | CLEAR    | distance    --    | proc  69.2 ms
t+  12.2s frame   117 | CLEAR    | distance    --    | proc  65.9 ms
t+  12.3s frame   118 | CLEAR    | distance    --    | proc  58.3 ms
t+  12.4s frame   119 | CLEAR    | distance    --    | proc  53.5 ms
t+  12.5s frame   120 | CLEAR    | distance    --    | proc  46.3 ms
t+  12.6s frame   121 | CLEAR    | distance    --    | proc  54.2 ms
t+  12.7s frame   122 | CLEAR    | distance    --    | proc  61.1 ms
t+  12.8s frame   123 | CLEAR    | distance    --    | proc  79.8 ms
t+  12.9s frame   124 | CLEAR    | distance    --    | proc  53.7 ms
t+  13.0s frame   125 | CLEAR    | distance    --    | proc  51.4 ms
t+  13.1s frame   126 | CLEAR    | distance    --    | proc  55.7 ms
t+  13.2s frame   127 | CLEAR    | distance    --    | proc  65.8 ms
t+  13.3s frame   128 | CLEAR    | distance    --    | proc  57.1 ms
t+  13.3s frame   129 | CLEAR    | distance    --    | proc  45.4 ms
t+  13.5s frame   130 | CLEAR    | distance    --    | proc  70.1 ms
t+  13.6s frame   131 | CLEAR    | distance    --    | proc  76.5 ms
t+  13.7s frame   132 | CLEAR    | distance    --    | proc  75.0 ms
t+  13.8s frame   133 | CLEAR    | distance    --    | proc  71.0 ms
t+  13.9s frame   134 | CLEAR    | distance    --    | proc  61.2 ms
t+  14.1s frame   135 | CLEAR    | distance    --    | proc  78.9 ms
t+  14.2s frame   136 | CLEAR    | distance    --    | proc  76.6 ms
t+  14.3s frame   137 | CLEAR    | distance    --    | proc  75.6 ms
t+  14.4s frame   138 | CLEAR    | distance    --    | proc  62.5 ms
t+  14.5s frame   139 | CLEAR    | distance    --    | proc  86.9 ms
t+  14.6s frame   140 | CLEAR    | distance    --    | proc  67.1 ms
t+  14.7s frame   141 | CLEAR    | distance    --    | proc  80.4 ms
t+  14.8s frame   142 | CLEAR    | distance    --    | proc  76.9 ms
t+  14.9s frame   143 | CLEAR    | distance    --    | proc  80.2 ms
t+  15.0s frame   144 | CLEAR    | distance    --    | proc  71.3 ms
t+  15.1s frame   145 | CLEAR    | distance    --    | proc  70.6 ms
t+  15.2s frame   146 | CLEAR    | distance    --    | proc  63.4 ms
t+  15.3s frame   147 | CLEAR    | distance    --    | proc  74.3 ms
t+  15.3s frame   148 | CLEAR    | distance    --    | proc  50.0 ms
t+  15.5s frame   149 | CLEAR    | distance    --    | proc  79.8 ms
t+  15.6s frame   150 | CLEAR    | distance    --    | proc  70.8 ms
t+  15.7s frame   151 | CLEAR    | distance    --    | proc  67.4 ms
t+  15.8s frame   152 | CLEAR    | distance    --    | proc  65.4 ms
t+  15.9s frame   153 | CLEAR    | distance    --    | proc  76.9 ms
t+  16.0s frame   154 | CLEAR    | distance    --    | proc  55.3 ms
t+  16.1s frame   155 | CLEAR    | distance    --    | proc  92.1 ms
t+  16.2s frame   156 | CLEAR    | distance    --    | proc  79.4 ms
t+  16.3s frame   157 | CLEAR    | distance    --    | proc  87.2 ms
t+  16.4s frame   158 | CLEAR    | distance    --    | proc  74.9 ms
t+  16.5s frame   159 | CLEAR    | distance    --    | proc  66.3 ms
t+  16.6s frame   160 | CLEAR    | distance    --    | proc  55.6 ms
t+  17.0s frame   161 | CLEAR    | distance    --    | proc  61.6 ms
t+  17.1s frame   162 | CLEAR    | distance    --    | proc  82.6 ms
t+  17.2s frame   163 | CLEAR    | distance    --    | proc  62.2 ms
t+  17.3s frame   164 | CLEAR    | distance    --    | proc  64.5 ms
t+  17.4s frame   165 | CLEAR    | distance    --    | proc  69.7 ms
t+  17.5s frame   166 | CLEAR    | distance    --    | proc  83.0 ms
t+  17.5s frame   167 | CLEAR    | distance    --    | proc  53.9 ms
t+  17.6s frame   168 | CLEAR    | distance    --    | proc  44.8 ms
t+  17.8s frame   169 | CLEAR    | distance    --    | proc  64.7 ms
t+  17.9s frame   170 | CLEAR    | distance    --    | proc  66.4 ms
t+  17.9s frame   171 | CLEAR    | distance    --    | proc  49.6 ms
t+  18.1s frame   172 | CLEAR    | distance    --    | proc  59.3 ms
t+  18.2s frame   173 | CLEAR    | distance    --    | proc  64.2 ms
t+  18.3s frame   174 | CLEAR    | distance    --    | proc  49.6 ms
t+  18.4s frame   175 | CLEAR    | distance    --    | proc  91.3 ms
t+  18.5s frame   176 | CLEAR    | distance    --    | proc  66.4 ms
t+  18.6s frame   177 | CLEAR    | distance    --    | proc  73.3 ms
t+  18.7s frame   178 | CLEAR    | distance    --    | proc  79.2 ms
t+  18.8s frame   179 | CLEAR    | distance    --    | proc  66.4 ms
t+  18.9s frame   180 | CLEAR    | distance    --    | proc  74.3 ms
t+  19.0s frame   181 | CLEAR    | distance    --    | proc  80.0 ms
t+  19.1s frame   182 | CLEAR    | distance    --    | proc  67.9 ms
t+  19.2s frame   183 | CLEAR    | distance    --    | proc  62.1 ms
t+  19.3s frame   184 | CLEAR    | distance    --    | proc  68.0 ms
t+  19.4s frame   185 | CLEAR    | distance    --    | proc  66.5 ms
t+  19.5s frame   186 | CLEAR    | distance    --    | proc  60.8 ms
t+  19.6s frame   187 | CLEAR    | distance    --    | proc  61.4 ms
t+  19.7s frame   188 | CLEAR    | distance    --    | proc  69.8 ms
t+  19.8s frame   189 | CLEAR    | distance    --    | proc  70.1 ms
t+  19.9s frame   190 | CLEAR    | distance    --    | proc  76.6 ms
t+  20.0s frame   191 | CLEAR    | distance    --    | proc  44.5 ms
t+  20.1s frame   192 | CLEAR    | distance    --    | proc  48.1 ms
t+  20.2s frame   193 | CLEAR    | distance    --    | proc  50.9 ms
t+  20.3s frame   194 | CLEAR    | distance    --    | proc  63.1 ms
t+  20.4s frame   195 | CLEAR    | distance    --    | proc  63.3 ms
t+  20.5s frame   196 | CLEAR    | distance    --    | proc  58.4 ms
t+  22.4s frame   196 | UNKNOWN  | distance    --    | proc   0.0 ms | input stale: no cloud for > 1.5 s
