[INFO] [launch]: All log files can be found below /home/imos/.ros/log/2026-09-29-13-58-10-549595-MSI-39
[INFO] [launch]: Default logging verbosity is set to INFO
[INFO] [detector_node-1]: process started with pid [53]
[detector_node-1] [INFO] [1790690290.863860932] [metro_obstacle_detector]: input auto (reliable, depth 1, raw CDR decoding); axes forward=-y up=+z; config=/workspace/install/share/metro_obstacle_detector/config/detector.yaml; log=/results/stream.jsonl
[detector_node-1] [WARN] [1790690292.350441046] [metro_obstacle_detector]: no input: waiting for a PointCloud2 topic (input_topic:=auto) (1.5 s since start): publishing UNKNOWN
[detector_node-1] [INFO] [1790690292.850707754] [metro_obstacle_detector]: input_topic:=auto -> subscribed to /lidar_points (reliable)
[detector_node-1] [INFO] [1790690300.515422546] [metro_obstacle_detector]: frames=50 status=clear dist=None proc ms median=21.8 p95=42.2 max=44.2
[detector_node-1] [INFO] [1790690305.536942525] [metro_obstacle_detector]: frames=100 status=clear dist=None proc ms median=20.9 p95=41.4 max=49.5
[detector_node-1] [INFO] [1790690310.497933748] [metro_obstacle_detector]: frames=150 status=clear dist=None proc ms median=20.7 p95=42.1 max=49.5
[detector_node-1] [INFO] [1790690316.497603900] [metro_obstacle_detector]: frames=200 status=clear dist=None proc ms median=20.2 p95=41.6 max=49.5
[detector_node-1] [INFO] [1790690321.529590823] [metro_obstacle_detector]: frames=250 status=clear dist=None proc ms median=20.0 p95=41.4 max=49.5
[detector_node-1] [INFO] [1790690326.527623719] [metro_obstacle_detector]: frames=300 status=clear dist=None proc ms median=20.4 p95=41.3 max=49.5
[detector_node-1] [INFO] [1790690331.502255866] [metro_obstacle_detector]: frames=350 status=clear dist=None proc ms median=20.4 p95=41.1 max=49.5
[detector_node-1] [INFO] [1790690336.502435877] [metro_obstacle_detector]: frames=400 status=clear dist=None proc ms median=20.6 p95=40.8 max=49.5
[detector_node-1] [INFO] [1790690341.498377815] [metro_obstacle_detector]: frames=450 status=clear dist=None proc ms median=20.9 p95=40.7 max=49.5
[detector_node-1] [INFO] [1790690346.499907068] [metro_obstacle_detector]: frames=500 status=clear dist=None proc ms median=21.2 p95=40.4 max=49.5
[detector_node-1] [WARN] [1790690352.850445755] [metro_obstacle_detector]: input stale: no cloud for > 1.5 s: publishing UNKNOWN
[WARNING] [launch]: user interrupted with ctrl-c (SIGINT)
[INFO] [detector_node-1]: sending signal 'SIGINT' to process[detector_node-1]
[INFO] [detector_node-1]: process has finished cleanly [pid 53]
