listening on /obstacles/status ...
t+   0.2s frame     1 | CLEAR    | distance    --    | proc  49.4 ms
t+   0.3s frame     2 | CLEAR    | distance    --    | proc  45.7 ms
t+   0.4s frame     3 | CLEAR    | distance    --    | proc  53.5 ms
t+   0.5s frame     4 | CLEAR    | distance    --    | proc  32.7 ms
t+   0.6s frame     5 | CLEAR    | distance    --    | proc  56.7 ms
t+   0.6s frame     6 | CLEAR    | distance    --    | proc  33.9 ms
t+   0.8s frame     7 | CLEAR    | distance    --    | proc  30.8 ms
t+   0.9s frame     8 | CLEAR    | distance    --    | proc  34.3 ms
t+   0.9s frame     9 | CLEAR    | distance    --    | proc  27.1 ms
t+   1.1s frame    10 | CLEAR    | distance    --    | proc  30.0 ms
t+   1.2s frame    11 | CLEAR    | distance    --    | proc  32.0 ms
t+   1.3s frame    12 | CLEAR    | distance    --    | proc  54.1 ms
t+   1.4s frame    13 | CLEAR    | distance    --    | proc  60.4 ms
t+   1.5s frame    14 | CLEAR    | distance    --    | proc  53.7 ms
t+   1.6s frame    15 | CLEAR    | distance    --    | proc  50.7 ms
t+   1.7s frame    16 | CLEAR    | distance    --    | proc  58.1 ms
t+   1.8s frame    17 | CLEAR    | distance    --    | proc  50.7 ms
t+   1.9s frame    18 | CLEAR    | distance    --    | proc  52.0 ms
t+   1.9s frame    19 | CLEAR    | distance    --    | proc  29.2 ms
t+   2.0s frame    20 | CLEAR    | distance    --    | proc  27.5 ms
t+   2.1s frame    21 | CLEAR    | distance    --    | proc  34.4 ms
t+   2.3s frame    22 | CLEAR    | distance    --    | proc  31.2 ms
t+   2.3s frame    23 | CLEAR    | distance    --    | proc  29.8 ms
t+   2.5s frame    24 | CLEAR    | distance    --    | proc  32.5 ms
t+   2.5s frame    25 | CLEAR    | distance    --    | proc  36.9 ms
t+   2.7s frame    26 | CLEAR    | distance    --    | proc  37.8 ms
t+   2.8s frame    27 | CLEAR    | distance    --    | proc  36.6 ms
t+   2.9s frame    28 | CLEAR    | distance    --    | proc  75.5 ms
t+   3.0s frame    29 | CLEAR    | distance    --    | proc  45.9 ms
t+   3.1s frame    30 | CLEAR    | distance    --    | proc  42.4 ms
t+   3.2s frame    31 | CLEAR    | distance    --    | proc  43.5 ms
t+   3.3s frame    32 | CLEAR    | distance    --    | proc  44.2 ms
t+   3.4s frame    33 | CLEAR    | distance    --    | proc  50.0 ms
t+   3.5s frame    34 | CLEAR    | distance    --    | proc  50.7 ms
t+   3.6s frame    35 | CLEAR    | distance    --    | proc  48.3 ms
t+   3.7s frame    36 | CLEAR    | distance    --    | proc  87.3 ms
t+   3.8s frame    37 | CLEAR    | distance    --    | proc  88.8 ms
t+   3.9s frame    38 | CLEAR    | distance    --    | proc  93.4 ms
t+   4.0s frame    39 | CLEAR    | distance    --    | proc  99.4 ms
t+   4.2s frame    40 | CLEAR    | distance    --    | proc  95.0 ms
t+   4.3s frame    41 | CLEAR    | distance    --    | proc  92.6 ms
t+   4.4s frame    42 | CLEAR    | distance    --    | proc  97.4 ms
t+   4.5s frame    43 | CLEAR    | distance    --    | proc  95.0 ms
t+   4.6s frame    44 | CLEAR    | distance    --    | proc  92.8 ms
t+   4.7s frame    45 | CLEAR    | distance    --    | proc  94.9 ms
t+   4.8s frame    46 | CLEAR    | distance    --    | proc  96.4 ms
t+   4.9s frame    47 | CLEAR    | distance    --    | proc  94.7 ms
t+   5.1s frame    48 | CLEAR    | distance    --    | proc  92.9 ms
t+   5.2s frame    49 | CLEAR    | distance    --    | proc  95.6 ms
t+   5.3s frame    50 | CLEAR    | distance    --    | proc  94.0 ms
t+   5.4s frame    51 | CLEAR    | distance    --    | proc  98.3 ms
t+   5.5s frame    52 | CLEAR    | distance    --    | proc 100.0 ms
t+   5.6s frame    53 | CLEAR    | distance    --    | proc  55.0 ms
t+   5.7s frame    54 | CLEAR    | distance    --    | proc  48.9 ms
t+   5.8s frame    55 | CLEAR    | distance    --    | proc  48.3 ms
t+   5.9s frame    56 | CLEAR    | distance    --    | proc  52.3 ms
t+   6.0s frame    57 | CLEAR    | distance    --    | proc  54.6 ms
t+   6.1s frame    58 | CLEAR    | distance    --    | proc  52.2 ms
t+   6.2s frame    59 | CLEAR    | distance    --    | proc  55.1 ms
t+   6.3s frame    60 | CLEAR    | distance    --    | proc  51.6 ms
t+   6.4s frame    61 | CLEAR    | distance    --    | proc  51.4 ms
t+   6.5s frame    62 | CLEAR    | distance    --    | proc  51.2 ms
t+   6.6s frame    63 | CLEAR    | distance    --    | proc  47.6 ms
t+   6.7s frame    64 | CLEAR    | distance    --    | proc  50.4 ms
t+   6.8s frame    65 | CLEAR    | distance    --    | proc  54.3 ms
t+   6.9s frame    66 | CLEAR    | distance    --    | proc  52.8 ms
t+   7.0s frame    67 | CLEAR    | distance    --    | proc  50.0 ms
t+   7.1s frame    68 | CLEAR    | distance    --    | proc  51.1 ms
t+   7.2s frame    69 | CLEAR    | distance    --    | proc  49.8 ms
t+   7.3s frame    70 | CLEAR    | distance    --    | proc  46.5 ms
t+   7.4s frame    71 | CLEAR    | distance    --    | proc  48.9 ms
t+   7.5s frame    72 | CLEAR    | distance    --    | proc  46.5 ms
t+   7.6s frame    73 | CLEAR    | distance    --    | proc  46.9 ms
t+   7.7s frame    74 | CLEAR    | distance    --    | proc  47.3 ms
t+   7.8s frame    75 | CLEAR    | distance    --    | proc  46.4 ms
t+   7.9s frame    76 | CLEAR    | distance    --    | proc  46.9 ms
t+   8.0s frame    77 | CLEAR    | distance    --    | proc  48.5 ms
t+   8.1s frame    78 | CLEAR    | distance    --    | proc  52.8 ms
t+   8.2s frame    79 | CLEAR    | distance    --    | proc  48.3 ms
t+   8.3s frame    80 | CLEAR    | distance    --    | proc  54.0 ms
t+   8.4s frame    81 | CLEAR    | distance    --    | proc  52.6 ms
t+   8.5s frame    82 | CLEAR    | distance    --    | proc  53.5 ms
t+   8.6s frame    83 | CLEAR    | distance    --    | proc  52.5 ms
t+   8.7s frame    84 | CLEAR    | distance    --    | proc  51.2 ms
t+   8.8s frame    85 | CLEAR    | distance    --    | proc  55.8 ms
t+   8.9s frame    86 | CLEAR    | distance    --    | proc  52.2 ms
t+   9.0s frame    87 | CLEAR    | distance    --    | proc  52.8 ms
t+   9.1s frame    88 | CLEAR    | distance    --    | proc  50.1 ms
t+   9.2s frame    89 | CLEAR    | distance    --    | proc  44.8 ms
t+   9.3s frame    90 | CLEAR    | distance    --    | proc  47.7 ms
t+   9.4s frame    91 | CLEAR    | distance    --    | proc  42.9 ms
t+   9.5s frame    92 | CLEAR    | distance    --    | proc  84.3 ms
t+   9.6s frame    93 | CLEAR    | distance    --    | proc  89.6 ms
t+   9.7s frame    94 | CLEAR    | distance    --    | proc  92.3 ms
t+   9.8s frame    95 | CLEAR    | distance    --    | proc  99.7 ms
t+  10.0s frame    96 | CLEAR    | distance    --    | proc 101.0 ms
t+  10.1s frame    97 | CLEAR    | distance    --    | proc  93.9 ms
t+  10.2s frame    98 | CLEAR    | distance    --    | proc  95.9 ms
t+  10.3s frame    99 | CLEAR    | distance    --    | proc  88.5 ms
t+  10.4s frame   100 | CLEAR    | distance    --    | proc  85.2 ms
t+  10.5s frame   101 | CLEAR    | distance    --    | proc  92.9 ms
t+  10.6s frame   102 | CLEAR    | distance    --    | proc  52.0 ms
t+  10.7s frame   103 | CLEAR    | distance    --    | proc 104.2 ms
t+  10.8s frame   104 | CLEAR    | distance    --    | proc  52.2 ms
t+  10.9s frame   105 | CLEAR    | distance    --    | proc  93.3 ms
t+  11.0s frame   106 | CLEAR    | distance    --    | proc  86.3 ms
t+  11.1s frame   107 | CLEAR    | distance    --    | proc  87.5 ms
t+  11.2s frame   108 | CLEAR    | distance    --    | proc  91.3 ms
t+  11.3s frame   109 | CLEAR    | distance    --    | proc  90.6 ms
t+  11.5s frame   110 | CLEAR    | distance    --    | proc 106.1 ms
t+  11.6s frame   111 | CLEAR    | distance    --    | proc 105.9 ms
t+  11.7s frame   112 | CLEAR    | distance    --    | proc 105.3 ms
t+  11.8s frame   113 | CLEAR    | distance    --    | proc 104.7 ms
t+  11.9s frame   114 | CLEAR    | distance    --    | proc  96.4 ms
t+  12.1s frame   115 | CLEAR    | distance    --    | proc 103.6 ms
t+  12.2s frame   116 | CLEAR    | distance    --    | proc  98.4 ms
t+  12.3s frame   117 | CLEAR    | distance    --    | proc 101.5 ms
t+  12.4s frame   118 | CLEAR    | distance    --    | proc  97.9 ms
t+  12.5s frame   119 | CLEAR    | distance    --    | proc  96.5 ms
t+  12.6s frame   120 | CLEAR    | distance    --    | proc  52.9 ms
t+  12.7s frame   121 | CLEAR    | distance    --    | proc  57.1 ms
t+  12.8s frame   122 | CLEAR    | distance    --    | proc  52.0 ms
t+  12.9s frame   123 | CLEAR    | distance    --    | proc  51.1 ms
t+  13.0s frame   124 | CLEAR    | distance    --    | proc  54.1 ms
t+  13.1s frame   125 | CLEAR    | distance    --    | proc  52.3 ms
t+  13.2s frame   126 | CLEAR    | distance    --    | proc  54.3 ms
t+  13.3s frame   127 | CLEAR    | distance    --    | proc  55.9 ms
t+  13.4s frame   128 | CLEAR    | distance    --    | proc  55.1 ms
t+  13.5s frame   129 | CLEAR    | distance    --    | proc  56.2 ms
t+  13.6s frame   130 | CLEAR    | distance    --    | proc  55.8 ms
t+  13.7s frame   131 | CLEAR    | distance    --    | proc  57.8 ms
t+  13.8s frame   132 | CLEAR    | distance    --    | proc  58.4 ms
t+  13.9s frame   133 | CLEAR    | distance    --    | proc  57.4 ms
t+  14.0s frame   134 | CLEAR    | distance    --    | proc  51.3 ms
t+  14.1s frame   135 | CLEAR    | distance    --    | proc  51.7 ms
t+  14.2s frame   136 | CLEAR    | distance    --    | proc  50.5 ms
t+  14.3s frame   137 | CLEAR    | distance    --    | proc  55.8 ms
t+  14.4s frame   138 | CLEAR    | distance    --    | proc  57.2 ms
t+  14.5s frame   139 | CLEAR    | distance    --    | proc  56.5 ms
t+  14.6s frame   140 | CLEAR    | distance    --    | proc  53.1 ms
t+  14.7s frame   141 | CLEAR    | distance    --    | proc  58.5 ms
t+  14.8s frame   142 | CLEAR    | distance    --    | proc  60.7 ms
t+  14.9s frame   143 | CLEAR    | distance    --    | proc  57.4 ms
t+  15.0s frame   144 | CLEAR    | distance    --    | proc  57.3 ms
t+  15.1s frame   145 | CLEAR    | distance    --    | proc  52.4 ms
t+  15.2s frame   146 | CLEAR    | distance    --    | proc  52.9 ms
t+  15.3s frame   147 | CLEAR    | distance    --    | proc  55.0 ms
t+  15.4s frame   148 | CLEAR    | distance    --    | proc  58.6 ms
t+  15.5s frame   149 | CLEAR    | distance    --    | proc  57.5 ms
t+  15.6s frame   150 | CLEAR    | distance    --    | proc  57.1 ms
t+  15.7s frame   151 | CLEAR    | distance    --    | proc  51.5 ms
t+  15.8s frame   152 | CLEAR    | distance    --    | proc  49.2 ms
t+  15.9s frame   153 | CLEAR    | distance    --    | proc  49.1 ms
t+  16.0s frame   154 | CLEAR    | distance    --    | proc  51.8 ms
t+  16.1s frame   155 | CLEAR    | distance    --    | proc  60.9 ms
t+  16.2s frame   156 | CLEAR    | distance    --    | proc  57.4 ms
t+  16.3s frame   157 | CLEAR    | distance    --    | proc  59.0 ms
t+  16.4s frame   158 | CLEAR    | distance    --    | proc  51.8 ms
t+  16.5s frame   159 | CLEAR    | distance    --    | proc  51.0 ms
t+  16.6s frame   160 | CLEAR    | distance    --    | proc  51.4 ms
t+  16.7s frame   161 | CLEAR    | distance    --    | proc  51.6 ms
t+  16.8s frame   162 | CLEAR    | distance    --    | proc  50.7 ms
t+  16.9s frame   163 | CLEAR    | distance    --    | proc  57.3 ms
t+  17.0s frame   164 | CLEAR    | distance    --    | proc  59.6 ms
t+  17.1s frame   165 | CLEAR    | distance    --    | proc  56.7 ms
t+  17.2s frame   166 | CLEAR    | distance    --    | proc  48.5 ms
t+  17.3s frame   167 | CLEAR    | distance    --    | proc  51.5 ms
t+  17.4s frame   168 | CLEAR    | distance    --    | proc  54.1 ms
t+  17.5s frame   169 | CLEAR    | distance    --    | proc  51.2 ms
t+  17.6s frame   170 | CLEAR    | distance    --    | proc  50.6 ms
t+  17.7s frame   171 | CLEAR    | distance    --    | proc  52.4 ms
t+  17.8s frame   172 | CLEAR    | distance    --    | proc  55.7 ms
t+  17.9s frame   173 | CLEAR    | distance    --    | proc  67.2 ms
t+  18.0s frame   174 | CLEAR    | distance    --    | proc  58.0 ms
t+  18.1s frame   175 | CLEAR    | distance    --    | proc  57.2 ms
t+  18.2s frame   176 | CLEAR    | distance    --    | proc  56.5 ms
t+  18.3s frame   177 | CLEAR    | distance    --    | proc  60.8 ms
t+  18.4s frame   178 | CLEAR    | distance    --    | proc  52.9 ms
t+  18.5s frame   179 | CLEAR    | distance    --    | proc  57.4 ms
t+  18.6s frame   180 | CLEAR    | distance    --    | proc  54.5 ms
t+  18.7s frame   181 | CLEAR    | distance    --    | proc  73.4 ms
t+  18.8s frame   182 | CLEAR    | distance    --    | proc  56.6 ms
t+  18.9s frame   183 | CLEAR    | distance    --    | proc  61.0 ms
t+  19.0s frame   184 | CLEAR    | distance    --    | proc  60.1 ms
t+  19.1s frame   185 | CLEAR    | distance    --    | proc  62.7 ms
t+  19.2s frame   186 | CLEAR    | distance    --    | proc  56.5 ms
t+  19.3s frame   187 | CLEAR    | distance    --    | proc  60.6 ms
t+  19.4s frame   188 | CLEAR    | distance    --    | proc  62.9 ms
t+  19.5s frame   189 | CLEAR    | distance    --    | proc  58.2 ms
t+  19.6s frame   190 | CLEAR    | distance    --    | proc  57.8 ms
t+  19.7s frame   191 | CLEAR    | distance    --    | proc  52.6 ms
t+  19.8s frame   192 | CLEAR    | distance    --    | proc  51.5 ms
t+  19.9s frame   193 | CLEAR    | distance    --    | proc  53.4 ms
t+  20.0s frame   194 | CLEAR    | distance    --    | proc  55.2 ms
t+  20.1s frame   195 | CLEAR    | distance    --    | proc  54.0 ms
t+  20.2s frame   196 | CLEAR    | distance    --    | proc  59.0 ms
t+  20.3s frame   197 | CLEAR    | distance    --    | proc  60.6 ms
t+  20.4s frame   198 | CLEAR    | distance    --    | proc  83.8 ms
t+  20.5s frame   199 | CLEAR    | distance    --    | proc  56.8 ms
t+  20.6s frame   200 | CLEAR    | distance    --    | proc  58.0 ms
t+  20.7s frame   201 | CLEAR    | distance    --    | proc  74.3 ms
t+  20.8s frame   202 | CLEAR    | distance    --    | proc  56.1 ms
t+  20.9s frame   203 | CLEAR    | distance    --    | proc  56.2 ms
t+  21.0s frame   204 | CLEAR    | distance    --    | proc  79.5 ms
t+  21.1s frame   205 | CLEAR    | distance    --    | proc  84.4 ms
t+  21.2s frame   206 | CLEAR    | distance    --    | proc  83.3 ms
t+  21.3s frame   207 | CLEAR    | distance    --    | proc  82.7 ms
t+  21.4s frame   208 | CLEAR    | distance    --    | proc  80.4 ms
t+  21.5s frame   209 | CLEAR    | distance    --    | proc  69.2 ms
t+  21.6s frame   210 | CLEAR    | distance    --    | proc  73.3 ms
t+  21.7s frame   211 | CLEAR    | distance    --    | proc  69.3 ms
t+  21.8s frame   212 | CLEAR    | distance    --    | proc  66.2 ms
t+  21.9s frame   213 | CLEAR    | distance    --    | proc  76.5 ms
t+  22.0s frame   214 | CLEAR    | distance    --    | proc  76.3 ms
t+  22.1s frame   215 | CLEAR    | distance    --    | proc  82.0 ms
t+  22.2s frame   216 | CLEAR    | distance    --    | proc  75.7 ms
t+  22.3s frame   217 | CLEAR    | distance    --    | proc  76.5 ms
t+  22.4s frame   218 | CLEAR    | distance    --    | proc  73.5 ms
t+  22.5s frame   219 | CLEAR    | distance    --    | proc  68.7 ms
t+  22.6s frame   220 | CLEAR    | distance    --    | proc  76.3 ms
t+  22.7s frame   221 | CLEAR    | distance    --    | proc  77.0 ms
t+  22.8s frame   222 | CLEAR    | distance    --    | proc  77.6 ms
t+  22.9s frame   223 | CLEAR    | distance    --    | proc  76.6 ms
t+  23.0s frame   224 | CLEAR    | distance    --    | proc  75.0 ms
t+  23.1s frame   225 | CLEAR    | distance    --    | proc  70.6 ms
t+  23.2s frame   226 | CLEAR    | distance    --    | proc  71.9 ms
t+  23.3s frame   227 | CLEAR    | distance    --    | proc  68.4 ms
t+  23.4s frame   228 | CLEAR    | distance    --    | proc  77.2 ms
t+  23.5s frame   229 | CLEAR    | distance    --    | proc  76.5 ms
t+  23.6s frame   230 | CLEAR    | distance    --    | proc  78.1 ms
t+  23.7s frame   231 | CLEAR    | distance    --    | proc  71.6 ms
t+  23.8s frame   232 | CLEAR    | distance    --    | proc  69.6 ms
t+  23.9s frame   233 | CLEAR    | distance    --    | proc  68.0 ms
t+  24.0s frame   234 | CLEAR    | distance    --    | proc  71.9 ms
t+  24.1s frame   235 | CLEAR    | distance    --    | proc  65.3 ms
t+  24.2s frame   236 | CLEAR    | distance    --    | proc  71.3 ms
t+  24.3s frame   237 | CLEAR    | distance    --    | proc  74.3 ms
t+  24.4s frame   238 | CLEAR    | distance    --    | proc  74.2 ms
t+  24.5s frame   239 | CLEAR    | distance    --    | proc  49.2 ms
t+  24.6s frame   240 | CLEAR    | distance    --    | proc  50.3 ms
t+  24.7s frame   241 | CLEAR    | distance    --    | proc  47.2 ms
t+  24.8s frame   242 | CLEAR    | distance    --    | proc  46.0 ms
t+  24.9s frame   243 | CLEAR    | distance    --    | proc  47.3 ms
t+  25.0s frame   244 | CLEAR    | distance    --    | proc  72.6 ms
t+  25.1s frame   245 | CLEAR    | distance    --    | proc  75.6 ms
t+  26.7s frame   245 | UNKNOWN  | distance    --    | proc   0.0 ms | input stale: no cloud for > 1.5 s
