[INFO] [1790635045.442150665] [rosbag2_storage]: Opened database '/data/doubleT_platform/doubleT_platform_0.db3' for READ_ONLY.
{
 "bag": "doubleT_platform",
 "frames_processed": 173,
 "status_counts": {
  "clear": 171,
  "detected": 2,
  "unknown": 0
 },
 "status_counts_raw": {
  "clear": 164,
  "detected": 9,
  "unknown": 0
 },
 "processing_ms": {
  "median": 53.18,
  "p95": 2235.34,
  "p99": 2848.66,
  "max": 3367.51,
  "mean": 335.76
 },
 "read_ms_median": 9.63,
 "wall_s": 61.75,
 "frames_per_s_including_io": 2.8
}
