[INFO] [1790688369.014830342] [rosbag2_storage]: Opened database '/data/doubleT_platform/doubleT_platform_0.db3' for READ_ONLY.
{
 "bag": "doubleT_platform",
 "messages_in_metadata": 345,
 "messages_read": 345,
 "stride": 1,
 "frames_expected": 345,
 "frames_processed": 345,
 "complete": true,
 "status_counts": {
  "clear": 344,
  "detected": 1,
  "unknown": 0
 },
 "status_counts_raw": {
  "clear": 342,
  "detected": 3,
  "unknown": 0
 },
 "processing_ms": {
  "median": 31.41,
  "p95": 54.87,
  "p99": 58.37,
  "max": 61.42,
  "mean": 37.58
 },
 "read_ms_median": 8.85,
 "wall_s": 15.99,
 "frames_per_s_including_io": 21.58
}
