[INFO] [1790688369.015105392] [rosbag2_storage]: Opened database '/data/doubleT_obstacle/doubleT_obstacle_0.db3' for READ_ONLY.
{
 "bag": "doubleT_obstacle",
 "messages_in_metadata": 201,
 "messages_read": 201,
 "stride": 1,
 "frames_expected": 201,
 "frames_processed": 201,
 "complete": true,
 "status_counts": {
  "clear": 149,
  "detected": 52,
  "unknown": 0
 },
 "status_counts_raw": {
  "clear": 147,
  "detected": 54,
  "unknown": 0
 },
 "processing_ms": {
  "median": 65.03,
  "p95": 71.31,
  "p99": 72.37,
  "max": 74.11,
  "mean": 60.75
 },
 "read_ms_median": 16.72,
 "wall_s": 15.71,
 "frames_per_s_including_io": 12.79
}
