[INFO] [1790688387.178844776] [rosbag2_storage]: Opened database '/data/roundT_squareT_pressureGate_squareT/roundT_squareT_pressureGate_squareT_0.db3' for READ_ONLY.
{
 "bag": "roundT_squareT_pressureGate_squareT",
 "messages_in_metadata": 545,
 "messages_read": 545,
 "stride": 1,
 "frames_expected": 545,
 "frames_processed": 545,
 "complete": true,
 "status_counts": {
  "clear": 545,
  "detected": 0,
  "unknown": 0
 },
 "status_counts_raw": {
  "clear": 543,
  "detected": 2,
  "unknown": 0
 },
 "processing_ms": {
  "median": 30.84,
  "p95": 54.96,
  "p99": 65.18,
  "max": 73.56,
  "mean": 34.43
 },
 "read_ms_median": 9.27,
 "wall_s": 23.63,
 "frames_per_s_including_io": 23.06
}
