[INFO] [1790634844.253615186] [rosbag2_storage]: Opened database '/data/doubleT_obstacle/doubleT_obstacle_0.db3' for READ_ONLY.
{
 "bag": "doubleT_obstacle",
 "frames_processed": 101,
 "status_counts": {
  "clear": 74,
  "detected": 27,
  "unknown": 0
 },
 "status_counts_raw": {
  "clear": 74,
  "detected": 27,
  "unknown": 0
 },
 "processing_ms": {
  "median": 81.77,
  "p95": 89.89,
  "p99": 99.66,
  "max": 102.33,
  "mean": 76.27
 },
 "read_ms_median": 25.98,
 "wall_s": 14.04,
 "frames_per_s_including_io": 7.19
}
