[INFO] [1790634893.478999621] [rosbag2_storage]: Opened database '/data/doubleT_platform/doubleT_platform_0.db3' for READ_ONLY.
{
 "bag": "doubleT_platform",
 "frames_processed": 173,
 "status_counts": {
  "clear": 143,
  "detected": 30,
  "unknown": 0
 },
 "status_counts_raw": {
  "clear": 134,
  "detected": 39,
  "unknown": 0
 },
 "processing_ms": {
  "median": 47.0,
  "p95": 90.34,
  "p99": 97.45,
  "max": 104.26,
  "mean": 58.59
 },
 "read_ms_median": 11.3,
 "wall_s": 15.33,
 "frames_per_s_including_io": 11.28
}
